php : PHP Deprecated:  Illuminate\Log\Logger::__construct(): Implicitly marking parameter $dispatcher as nullable is 
deprecated, the explicit nullable type must be used instead in 
C:\Users\Hawkinsaudiovisuales\Documents\GitHub\crm-inmobiliaria\vendor\laravel\framework\src\Illuminate\Log\Logger.php 
on line 43
En C:\Users\Hawkinsaudiovisuales\AppData\Local\Temp\ps-script-cffaba08-6dec-4dc9-9212-b445d8bf03ca.ps1: 7 Carácter: 71
+ ... obiliaria"; php artisan idealista:test-cases > test-output.txt 2>&1;  ...
+                 ~~~~~~~~~~~~~~~~~~~~~~~~~~~~~~~~~~~~~~~~~~~~~~~~~~~~~~~
    + CategoryInfo          : NotSpecified: (PHP Deprecated:....php on line 43:String) [], RemoteException
    + FullyQualifiedErrorId : NativeCommandError
 
=== Ejecutando tests de Idealista ===
Basado en los CSV: contacts, images, properties

Se encontraron 51 casos de prueba

Ejecutando test Contact01: New contact
  Ô£ô Contacto creado con ID: 103004159
  Ô£ô ├ëxito (Status: 201)
Ejecutando test Contact02: New contact - Basic validation error - email missing
  Ô£ù Fallo (Status: 400 - Validation Error)
Ejecutando test Contact03: New contact - Basic validation error - email format
  Ô£ù Fallo (Status: 400 - Invalid email format)
Ejecutando test Contact04: Update contact
  Ô£ô Contacto creado con ID: 103004159
  Ô£ô ├ëxito (Status: 200)
Ejecutando test Contact05: Find contact
  Ô£ô ├ëxito (Status: 200)
Ejecutando test Contact06: Find all contacts
  Ô£ô ├ëxito (Status: 200)
Ejecutando test Property03: New property - Operation - sale
  Ô£ô Propiedad creada con ID: 110091092
  Ô£ô ├ëxito (Status: 201)
Ejecutando test Property04: New property - Operation - rent
  Ô£ô Propiedad creada con ID: 110091094
  Ô£ô ├ëxito (Status: 201)
Ejecutando test Property05: New property - Scope - idealista
  Ô£ô Propiedad creada con ID: 110091098
  Ô£ô ├ëxito (Status: 201)
Ejecutando test Property06: New property - Scope - microsite
  Ô£ô Propiedad creada con ID: 110091101
  Ô£ô ├ëxito (Status: 201)
Ejecutando test Property07: New property - Visibility - full
  Ô£ù Fallo (Status: 429 - Ratelimit: Too Many Requests)
Ejecutando test Property08: New property - Visibility - street
  Ô£ô Propiedad creada con ID: 110091103
  Ô£ô ├ëxito (Status: 201)
Ejecutando test Property09: New property - Visibility - hidden
  Ô£ô Propiedad creada con ID: 110091105
  Ô£ô ├ëxito (Status: 201)
Ejecutando test Flat01: New property - Type - flat
  Ô£ù Fallo (Status: 429 - Ratelimit: Too Many Requests)
Ejecutando test Flat02: New property - Type - flat - Basic validation error - area
  Ô£ù Fallo (Status: 400 - Validation Error)
Ejecutando test Flat03: New property - Type - flat - Business validation error - area
  Ô£ù Fallo (Status: 400 - usable area cannot be greater or equal than constructed area)
Ejecutando test Flat04: New property - Type - flat - Business validation error - conservation/bathroomNumber
  Ô£ù Fallo (Status: 400 - bathroom number not valid)
Ejecutando test Flat05: New property - Type - flat - Business validation error ÔÇô parkingAvailable/parkingIncludedInPrice
  Ô£ù Fallo (Status: 400 - parking included in price not allowed)
